
> wedding@0.1.0 build
> next build

▲ Next.js 16.2.7 (Turbopack)

  Creating an optimized production build ...
✓ Compiled successfully in 19.5s
  Running TypeScript ...
  Finished TypeScript in 21.5s ...
  Collecting page data using 5 workers ...
  Generating static pages using 5 workers (0/4) ...
  Generating static pages using 5 workers (1/4) 
  Generating static pages using 5 workers (2/4) 
  Generating static pages using 5 workers (3/4) 
✓ Generating static pages using 5 workers (4/4) in 5.2s
  Finalizing page optimization ...

Route (app)
┌ ○ /
└ ○ /_not-found


○  (Static)  prerendered as static content

